
/home/runner/work/exp-Residence-Time-Distribution-in-Empty-tube-reactor-iitb/exp-Residence-Time-Distribution-in-Empty-tube-reactor-iitb/experiment/simulation/common_libraries/js/ts_components/collapse_step.js
   1:10  warning  'show_step' is defined but never used                 no-unused-vars
   2:5   warning  '$' is not defined                                    no-undef
   3:9   warning  '$' is not defined                                    no-undef
   6:10  warning  'hide_step' is defined but never used                 no-unused-vars
   7:5   warning  '$' is not defined                                    no-undef
   8:9   warning  '$' is not defined                                    no-undef
  11:10  warning  'get_collapse_btn_text' is defined but never used     no-unused-vars
  20:10  warning  'get_collapse_btn_element' is defined but never used  no-unused-vars
  29:10  warning  'hide_all_steps' is defined but never used            no-unused-vars
  31:9   warning  '$' is not defined                                    no-undef

/home/runner/work/exp-Residence-Time-Distribution-in-Empty-tube-reactor-iitb/exp-Residence-Time-Distribution-in-Empty-tube-reactor-iitb/experiment/simulation/common_libraries/js/ts_components/matrix.js
   27:26  warning  'MathJax' is not defined                                no-undef
   32:7   warning  'Matrix_Without_String' is defined but never used       no-unused-vars
   52:26  warning  'MathJax' is not defined                                no-undef
   56:10  warning  'get_matrix_html' is defined but never used             no-unused-vars
   87:13  warning  'row_html' is assigned a value but never used           no-unused-vars
   99:10  warning  'get_matrix_html_with_title' is defined but never used  no-unused-vars
  131:13  warning  'row_html' is assigned a value but never used           no-unused-vars
  143:10  warning  'convert_2d_to_1d_vector' is defined but never used     no-unused-vars
  156:10  warning  'convert_1d_to_2d_matrix' is defined but never used     no-unused-vars

/home/runner/work/exp-Residence-Time-Distribution-in-Empty-tube-reactor-iitb/exp-Residence-Time-Distribution-in-Empty-tube-reactor-iitb/experiment/simulation/common_libraries/js/ts_components/pannel.js
  8:7  warning  'Pannel' is defined but never used  no-unused-vars

/home/runner/work/exp-Residence-Time-Distribution-in-Empty-tube-reactor-iitb/exp-Residence-Time-Distribution-in-Empty-tube-reactor-iitb/experiment/simulation/common_libraries/js/ts_components/questions.js
   6:17  warning  'op1' is assigned a value but never used      no-unused-vars
   7:17  warning  'op2' is assigned a value but never used      no-unused-vars
   8:17  warning  'op3' is assigned a value but never used      no-unused-vars
   9:17  warning  'op4' is assigned a value but never used      no-unused-vars
  94:7   warning  'Question_Options' is defined but never used  no-unused-vars

/home/runner/work/exp-Residence-Time-Distribution-in-Empty-tube-reactor-iitb/exp-Residence-Time-Distribution-in-Empty-tube-reactor-iitb/experiment/simulation/common_libraries/js/ts_components/tables.js
   19:22  warning  'verify_values' is not defined                                     no-undef
  137:22  warning  'verify_values' is not defined                                     no-undef
  260:7   warning  'Verify_Rows_Cols_6_decimal_places' is defined but never used      no-unused-vars
  311:22  warning  'verify_values' is not defined                                     no-undef
  416:7   warning  'Verify_Rows_Cols_Custom_Fixed_Update1' is defined but never used  no-unused-vars
  468:7   warning  'Show_Table_Custom_Fixed' is defined but never used                no-unused-vars
  506:7   warning  'Verify_Rows_Cols_Strings' is defined but never used               no-unused-vars
  527:22  warning  'verify_values' is not defined                                     no-undef
  663:7   warning  'Display_Table' is defined but never used                          no-unused-vars

/home/runner/work/exp-Residence-Time-Distribution-in-Empty-tube-reactor-iitb/exp-Residence-Time-Distribution-in-Empty-tube-reactor-iitb/experiment/simulation/common_libraries/js/ts_math_library/general_math_functions.js
    1:10  warning  'verify_values' is defined but never used                   no-unused-vars
   17:10  warning  'random1' is defined but never used                         no-unused-vars
   21:10  warning  'std_deviation' is defined but never used                   no-unused-vars
   26:10  warning  'gauss' is defined but never used                           no-unused-vars
   56:10  warning  'hide_panel' is defined but never used                      no-unused-vars
   63:10  warning  'inverse_matrix' is defined but never used                  no-unused-vars
   96:10  warning  'matrix_multiplication' is defined but never used           no-unused-vars
  113:10  warning  'transpose_matrix' is defined but never used                no-unused-vars
  123:10  warning  'matrix_multiplication_8decimal' is defined but never used  no-unused-vars
  140:10  warning  'adjoint_2x2_matrix' is defined but never used              no-unused-vars
  145:10  warning  'find_deteminant' is defined but never used                 no-unused-vars
  174:10  warning  'get_Submatrix' is defined but never used                   no-unused-vars

/home/runner/work/exp-Residence-Time-Distribution-in-Empty-tube-reactor-iitb/exp-Residence-Time-Distribution-in-Empty-tube-reactor-iitb/experiment/simulation/common_libraries/js/ts_math_library/regression.js
   1:10  warning  'regression_linear' is defined but never used            no-unused-vars
  18:10  warning  'regression_linear_1variable' is defined but never used  no-unused-vars
  27:10  warning  'regression_linear_2variable' is defined but never used  no-unused-vars
  52:11  warning  'gauss' is not defined                                   no-undef

/home/runner/work/exp-Residence-Time-Distribution-in-Empty-tube-reactor-iitb/exp-Residence-Time-Distribution-in-Empty-tube-reactor-iitb/experiment/simulation/common_libraries/math.ob.js
  1:745  warning  'b' is already defined  no-redeclare

/home/runner/work/exp-Residence-Time-Distribution-in-Empty-tube-reactor-iitb/exp-Residence-Time-Distribution-in-Empty-tube-reactor-iitb/experiment/simulation/js/acitvity6.js
   4:10  warning  'activity6' is defined but never used  no-unused-vars
   5:5   warning  'pp' is not defined                    no-undef
  10:5   warning  'pp' is not defined                    no-undef
  11:5   warning  'pp' is not defined                    no-undef
  12:25  warning  'obt_1_data' is not defined            no-undef
  13:20  warning  'obt_1_data' is not defined            no-undef
  14:19  warning  'obt_1_data' is not defined            no-undef
  15:20  warning  'obt_2_data' is not defined            no-undef
  30:21  warning  'Chart' is not defined                 no-undef

/home/runner/work/exp-Residence-Time-Distribution-in-Empty-tube-reactor-iitb/exp-Residence-Time-Distribution-in-Empty-tube-reactor-iitb/experiment/simulation/js/activity1.js
    8:14   warning  'Pannel' is not defined                                no-undef
   14:10   warning  'start_act1' is defined but never used                 no-unused-vars
   21:10   warning  'move_to_activity3' is defined but never used          no-unused-vars
   24:5    warning  'activity3' is not defined                             no-undef
   33:5    warning  'global_score' is assigned a value but never used      no-unused-vars
   34:5    warning  'a1_panel' is defined but never used                   no-unused-vars
   35:5    warning  'all_text_content' is assigned a value but never used  no-unused-vars
   36:5    warning  'canvas_box_scale' is already defined                  no-redeclare
   36:5    warning  'canvas_box_scale' is assigned a value but never used  no-unused-vars
   39:5    warning  'a1_scene' is defined but never used                   no-unused-vars
   46:5    warning  'display_score' is defined but never used              no-unused-vars
   47:5    warning  'timer1' is assigned a value but never used            no-unused-vars
   62:17   warning  'Scene' is not defined                                 no-undef
   67:27   warning  'bootstrap' is not defined                             no-undef
  105:18   warning  'Chemistry' is not defined                             no-undef
  105:42   warning  'tubular_reactor' is not defined                       no-undef
  105:63   warning  'Chemistry' is not defined                             no-undef
  108:9    warning  'sq' is already defined                                no-redeclare
  108:18   warning  'Chemistry' is not defined                             no-undef
  108:42   warning  'beaker' is not defined                                no-undef
  108:54   warning  'Chemistry' is not defined                             no-undef
  111:9    warning  'sq' is already defined                                no-redeclare
  111:18   warning  'Chemistry' is not defined                             no-undef
  111:42   warning  'conductivity_meter' is not defined                    no-undef
  111:66   warning  'Chemistry' is not defined                             no-undef
  114:9    warning  'sq' is already defined                                no-redeclare
  114:18   warning  'Chemistry' is not defined                             no-undef
  114:42   warning  'rotameter' is not defined                             no-undef
  114:57   warning  'Chemistry' is not defined                             no-undef
  117:9    warning  'sq' is already defined                                no-redeclare
  117:18   warning  'Chemistry' is not defined                             no-undef
  117:42   warning  'tracer_injector' is not defined                       no-undef
  117:63   warning  'Chemistry' is not defined                             no-undef
  120:9    warning  'sq' is already defined                                no-redeclare
  120:18   warning  'Chemistry' is not defined                             no-undef
  120:42   warning  'centrifugal_pump' is not defined                      no-undef
  120:64   warning  'Chemistry' is not defined                             no-undef
  123:9    warning  'sq' is already defined                                no-redeclare
  123:18   warning  'Chemistry' is not defined                             no-undef
  123:42   warning  'storage_tank' is not defined                          no-undef
  123:60   warning  'Chemistry' is not defined                             no-undef
  153:25   warning  'Chemistry' is not defined                             no-undef
  153:50   warning  'Chemistry' is not defined                             no-undef
  164:10   warning  'tubular_reactor' is not defined                       no-undef
  164:27   warning  'tubular_reactor' is not defined                       no-undef
  165:10   warning  'beaker' is not defined                                no-undef
  165:18   warning  'beaker' is not defined                                no-undef
  166:10   warning  'conductivity_meter' is not defined                    no-undef
  166:30   warning  'conductivity_meter' is not defined                    no-undef
  167:10   warning  'rotameter' is not defined                             no-undef
  167:21   warning  'rotameter' is not defined                             no-undef
  168:10   warning  'tracer_injector' is not defined                       no-undef
  168:27   warning  'tracer_injector' is not defined                       no-undef
  169:10   warning  'centrifugal_pump' is not defined                      no-undef
  169:28   warning  'centrifugal_pump' is not defined                      no-undef
  170:10   warning  'storage_tank' is not defined                          no-undef
  170:24   warning  'storage_tank' is not defined                          no-undef
  173:13   warning  'Chemistry' is not defined                             no-undef
  173:51   warning  'Chemistry' is not defined                             no-undef
  174:13   warning  'Chemistry' is not defined                             no-undef
  174:42   warning  'Chemistry' is not defined                             no-undef
  175:13   warning  'Chemistry' is not defined                             no-undef
  175:54   warning  'Chemistry' is not defined                             no-undef
  176:13   warning  'Chemistry' is not defined                             no-undef
  176:45   warning  'Chemistry' is not defined                             no-undef
  177:13   warning  'Chemistry' is not defined                             no-undef
  177:51   warning  'Chemistry' is not defined                             no-undef
  178:13   warning  'Chemistry' is not defined                             no-undef
  178:52   warning  'Chemistry' is not defined                             no-undef
  179:13   warning  'Chemistry' is not defined                             no-undef
  179:48   warning  'Chemistry' is not defined                             no-undef
  185:12   warning  Unexpected constant condition                          no-constant-condition
  207:49   warning  'Chemistry' is not defined                             no-undef
  210:39   warning  'bootstrap' is not defined                             no-undef
  242:30   warning  'Chemistry' is not defined                             no-undef
  242:73   warning  'Chemistry' is not defined                             no-undef
  270:13   warning  'bsOffcanvas' is already defined                       no-redeclare
  270:31   warning  'bootstrap' is not defined                             no-undef
  272:30   warning  'Chemistry' is not defined                             no-undef
  272:118  warning  'Chemistry' is not defined                             no-undef
  315:24   warning  'activity3' is not defined                             no-undef

/home/runner/work/exp-Residence-Time-Distribution-in-Empty-tube-reactor-iitb/exp-Residence-Time-Distribution-in-Empty-tube-reactor-iitb/experiment/simulation/js/activity3.js
    1:5   warning  'obtable_verified' is assigned a value but never used  no-unused-vars
   16:10  warning  'activity3' is defined but never used                  no-unused-vars
   17:5   warning  'pp' is not defined                                    no-undef
   19:5   warning  'pp' is not defined                                    no-undef
   20:5   warning  'pp' is not defined                                    no-undef
   21:5   warning  'pp' is not defined                                    no-undef
   38:15  warning  'obt_1_data' is not defined                            no-undef
   46:13  warning  'obt_1_data' is not defined                            no-undef
   61:5   warning  'pp' is not defined                                    no-undef
   62:5   warning  'pp' is not defined                                    no-undef
   65:25  warning  'obt_1_data' is not defined                            no-undef
   66:9   warning  'obt_1_data' is not defined                            no-undef
   66:39  warning  'std_deviation' is not defined                         no-undef
   66:53  warning  'obt_1_data' is not defined                            no-undef
   67:9   warning  'obt_2_data' is not defined                            no-undef
   67:39  warning  'std_deviation' is not defined                         no-undef
   67:53  warning  'obt_2_data' is not defined                            no-undef
   69:17  warning  'obt_1_data' is not defined                            no-undef
   71:10  warning  'act3_verify_obtable_1' is defined but never used      no-unused-vars
   74:10  warning  'verify_values' is not defined                         no-undef
   74:48  warning  'obt_1_data' is not defined                            no-undef
   75:43  warning  'obt_1_data' is not defined                            no-undef
   81:10  warning  'act3_verify_obtable_2' is defined but never used      no-unused-vars
   84:10  warning  'verify_values' is not defined                         no-undef
   84:48  warning  'obt_1_data' is not defined                            no-undef
   85:43  warning  'obt_1_data' is not defined                            no-undef
   90:5   warning  'pp' is not defined                                    no-undef
   92:9   warning  'pp' is not defined                                    no-undef
   93:31  warning  'bootstrap' is not defined                             no-undef
  100:10  warning  'complete_obtab_1' is defined but never used           no-unused-vars
  114:25  warning  'obt_1_data' is not defined                            no-undef
  118:13  warning  'obt_1_data' is not defined                            no-undef
  119:13  warning  'obt_1_data' is not defined                            no-undef
  121:13  warning  'obt_1_data' is not defined                            no-undef
  122:13  warning  'obt_1_data' is not defined                            no-undef
  126:5   warning  'pp' is not defined                                    no-undef
  127:5   warning  'pp' is not defined                                    no-undef
  129:10  warning  'complete_obtab_2' is defined but never used           no-unused-vars
  140:25  warning  'obt_2_data' is not defined                            no-undef
  144:13  warning  'obt_2_data' is not defined                            no-undef
  145:13  warning  'obt_2_data' is not defined                            no-undef
  147:13  warning  'obt_2_data' is not defined                            no-undef
  148:13  warning  'obt_2_data' is not defined                            no-undef
  152:5   warning  'pp' is not defined                                    no-undef
  153:5   warning  'pp' is not defined                                    no-undef

/home/runner/work/exp-Residence-Time-Distribution-in-Empty-tube-reactor-iitb/exp-Residence-Time-Distribution-in-Empty-tube-reactor-iitb/experiment/simulation/js/activity4.js
   18:5   warning  'first_set_verified_2' is assigned a value but never used  no-unused-vars
   19:5   warning  'act4_btn_1' is assigned a value but never used            no-unused-vars
   22:5   warning  'move_to_act5' is assigned a value but never used          no-unused-vars
   23:10  warning  'activity4' is defined but never used                      no-unused-vars
   24:37  warning  'flow_rate_1' is not defined                               no-undef
   25:5   warning  'obt_1_data' is not defined                                no-undef
   25:31  warning  'obt_1_data' is not defined                                no-undef
   27:37  warning  'flow_rate_2' is not defined                               no-undef
   28:5   warning  'obt_2_data' is not defined                                no-undef
   28:31  warning  'obt_2_data' is not defined                                no-undef
   29:17  warning  'obt_2_data' is not defined                                no-undef
   55:17  warning  'obt_1_data' is not defined                                no-undef
   56:17  warning  'obt_1_data' is not defined                                no-undef
   69:13  warning  'obt_1_data' is not defined                                no-undef
   70:13  warning  'obt_1_data' is not defined                                no-undef
   86:5   warning  'pp' is not defined                                        no-undef
   87:5   warning  'pp' is not defined                                        no-undef
  101:5   warning  'pp' is not defined                                        no-undef
  136:25  warning  'obt_1_data' is not defined                                no-undef
  137:29  warning  'obt_1_data' is not defined                                no-undef
  138:32  warning  'obt_1_data' is not defined                                no-undef
  139:35  warning  'obt_1_data' is not defined                                no-undef
  143:5   warning  'c' is not defined                                         no-undef
  144:14  warning  'newton_raphson' is not defined                            no-undef
  144:29  warning  'a' is not defined                                         no-undef
  144:32  warning  'b' is not defined                                         no-undef
  144:35  warning  'c' is not defined                                         no-undef
  152:25  warning  'obt_2_data' is not defined                                no-undef
  153:29  warning  'obt_2_data' is not defined                                no-undef
  154:32  warning  'obt_2_data' is not defined                                no-undef
  155:35  warning  'obt_2_data' is not defined                                no-undef
  159:5   warning  'c' is not defined                                         no-undef
  160:14  warning  'newton_raphson' is not defined                            no-undef
  160:29  warning  'a' is not defined                                         no-undef
  160:32  warning  'b' is not defined                                         no-undef
  160:35  warning  'c' is not defined                                         no-undef
  164:10  warning  'act5_verify_obtable_1' is defined but never used          no-unused-vars
  172:9   warning  'val8' is assigned a value but never used                  no-unused-vars
  175:10  warning  'verify_values' is not defined                             no-undef
  175:48  warning  'obt_1_data' is not defined                                no-undef
  176:45  warning  'obt_1_data' is not defined                                no-undef
  180:10  warning  'verify_values' is not defined                             no-undef
  180:48  warning  'obt_1_data' is not defined                                no-undef
  181:45  warning  'obt_1_data' is not defined                                no-undef
  185:10  warning  'verify_values' is not defined                             no-undef
  185:48  warning  'obt_1_data' is not defined                                no-undef
  186:45  warning  'obt_1_data' is not defined                                no-undef
  190:10  warning  'verify_values' is not defined                             no-undef
  190:48  warning  'obt_1_data' is not defined                                no-undef
  191:45  warning  'obt_1_data' is not defined                                no-undef
  195:10  warning  'verify_values' is not defined                             no-undef
  195:48  warning  'obt_1_data' is not defined                                no-undef
  196:45  warning  'obt_1_data' is not defined                                no-undef
  200:10  warning  'verify_values' is not defined                             no-undef
  200:48  warning  'obt_1_data' is not defined                                no-undef
  201:45  warning  'obt_1_data' is not defined                                no-undef
  205:10  warning  'verify_values' is not defined                             no-undef
  205:48  warning  'obt_1_data' is not defined                                no-undef
  206:45  warning  'obt_1_data' is not defined                                no-undef
  218:10  warning  'act5_verify_obtable_11' is defined but never used         no-unused-vars
  226:9   warning  'val8' is assigned a value but never used                  no-unused-vars
  229:10  warning  'verify_values' is not defined                             no-undef
  229:48  warning  'obt_1_data' is not defined                                no-undef
  230:45  warning  'obt_1_data' is not defined                                no-undef
  234:10  warning  'verify_values' is not defined                             no-undef
  234:48  warning  'obt_1_data' is not defined                                no-undef
  235:45  warning  'obt_1_data' is not defined                                no-undef
  239:10  warning  'verify_values' is not defined                             no-undef
  239:48  warning  'obt_1_data' is not defined                                no-undef
  240:45  warning  'obt_1_data' is not defined                                no-undef
  244:10  warning  'verify_values' is not defined                             no-undef
  244:48  warning  'obt_1_data' is not defined                                no-undef
  245:45  warning  'obt_1_data' is not defined                                no-undef
  249:10  warning  'verify_values' is not defined                             no-undef
  249:48  warning  'obt_1_data' is not defined                                no-undef
  250:45  warning  'obt_1_data' is not defined                                no-undef
  254:10  warning  'verify_values' is not defined                             no-undef
  254:48  warning  'obt_1_data' is not defined                                no-undef
  255:45  warning  'obt_1_data' is not defined                                no-undef
  259:10  warning  'verify_values' is not defined                             no-undef
  259:48  warning  'obt_1_data' is not defined                                no-undef
  260:45  warning  'obt_1_data' is not defined                                no-undef
  268:31  warning  'bootstrap' is not defined                                 no-undef
  277:5   warning  'pp' is not defined                                        no-undef
  278:5   warning  'pp' is not defined                                        no-undef
  286:15  warning  'obt_1_data' is not defined                                no-undef
  287:15  warning  'obt_1_data' is not defined                                no-undef
  288:15  warning  'obt_1_data' is not defined                                no-undef
  289:15  warning  'obt_1_data' is not defined                                no-undef
  290:15  warning  'obt_1_data' is not defined                                no-undef
  291:15  warning  'obt_1_data' is not defined                                no-undef
  292:16  warning  'obt_1_data' is not defined                                no-undef
  293:16  warning  'obt_1_data' is not defined                                no-undef
  294:16  warning  'obt_1_data' is not defined                                no-undef
  369:5   warning  'pp' is not defined                                        no-undef
  370:5   warning  'pp' is not defined                                        no-undef
  374:10  warning  'verify_summations' is defined but never used              no-unused-vars
  395:10  warning  'verify_values' is not defined                             no-undef
  400:10  warning  'verify_values' is not defined                             no-undef
  405:10  warning  'verify_values' is not defined                             no-undef
  416:5   warning  'complete_main_table_2' is not defined                     no-undef

/home/runner/work/exp-Residence-Time-Distribution-in-Empty-tube-reactor-iitb/exp-Residence-Time-Distribution-in-Empty-tube-reactor-iitb/experiment/simulation/js/activity5.js
    2:10  warning  'complete_main_table_2' is defined but never used  no-unused-vars
    4:5   warning  'pp' is not defined                                no-undef
    5:5   warning  'pp' is not defined                                no-undef
    6:5   warning  'pp' is not defined                                no-undef
    7:5   warning  'pp' is not defined                                no-undef
    8:5   warning  'pp' is not defined                                no-undef
    8:24  warning  'main_table' is not defined                        no-undef
   16:15  warning  'obt_2_data' is not defined                        no-undef
   17:15  warning  'obt_2_data' is not defined                        no-undef
   18:15  warning  'obt_2_data' is not defined                        no-undef
   19:15  warning  'obt_2_data' is not defined                        no-undef
   20:15  warning  'obt_2_data' is not defined                        no-undef
   21:15  warning  'obt_2_data' is not defined                        no-undef
   22:16  warning  'obt_2_data' is not defined                        no-undef
   23:16  warning  'obt_2_data' is not defined                        no-undef
   24:16  warning  'obt_2_data' is not defined                        no-undef
   57:24  warning  'sum_c1_delta_t_2' is not defined                  no-undef
   64:24  warning  'sum_ci_ti_delta_t_2' is not defined               no-undef
   69:24  warning  'sum_ci_ti_ti_delta_t_2' is not defined            no-undef
   98:5   warning  'pp' is not defined                                no-undef
   99:5   warning  'pp' is not defined                                no-undef
  103:10  warning  'verify_summations_2' is defined but never used    no-unused-vars
  124:10  warning  'verify_values' is not defined                     no-undef
  124:48  warning  't_bar_2' is not defined                           no-undef
  125:45  warning  't_bar_2' is not defined                           no-undef
  129:10  warning  'verify_values' is not defined                     no-undef
  129:48  warning  'sigma_2' is not defined                           no-undef
  130:39  warning  'sigma_2' is not defined                           no-undef
  134:10  warning  'verify_values' is not defined                     no-undef
  134:48  warning  'root_2' is not defined                            no-undef
  135:47  warning  'root_2' is not defined                            no-undef
  141:5   warning  'activity6' is not defined                         no-undef

/home/runner/work/exp-Residence-Time-Distribution-in-Empty-tube-reactor-iitb/exp-Residence-Time-Distribution-in-Empty-tube-reactor-iitb/experiment/simulation/js/activity6.js
   4:10  warning  'activity6' is defined but never used  no-unused-vars
   5:5   warning  'pp' is not defined                    no-undef
   6:5   warning  'pp' is not defined                    no-undef
   7:5   warning  'pp' is not defined                    no-undef
   8:5   warning  'pp' is not defined                    no-undef
  13:5   warning  'pp' is not defined                    no-undef
  14:5   warning  'pp' is not defined                    no-undef
  15:25  warning  'obt_1_data' is not defined            no-undef
  16:20  warning  'obt_1_data' is not defined            no-undef
  17:19  warning  'obt_1_data' is not defined            no-undef
  18:20  warning  'obt_2_data' is not defined            no-undef
  33:21  warning  'Chart' is not defined                 no-undef

/home/runner/work/exp-Residence-Time-Distribution-in-Empty-tube-reactor-iitb/exp-Residence-Time-Distribution-in-Empty-tube-reactor-iitb/experiment/simulation/js/actvity6.js
   4:10  warning  'activity6' is defined but never used  no-unused-vars
   5:5   warning  'pp' is not defined                    no-undef
  10:5   warning  'pp' is not defined                    no-undef
  11:5   warning  'pp' is not defined                    no-undef
  12:25  warning  'obt_1_data' is not defined            no-undef
  13:20  warning  'obt_1_data' is not defined            no-undef
  14:19  warning  'obt_1_data' is not defined            no-undef
  15:20  warning  'obt_2_data' is not defined            no-undef
  30:21  warning  'Chart' is not defined                 no-undef

/home/runner/work/exp-Residence-Time-Distribution-in-Empty-tube-reactor-iitb/exp-Residence-Time-Distribution-in-Empty-tube-reactor-iitb/experiment/simulation/js/common.js
   1:10  warning  'verify_values' is defined but never used      no-unused-vars
  17:10  warning  'std_deviation' is defined but never used      no-unused-vars
  23:10  warning  'regression_linear' is defined but never used  no-unused-vars
  40:10  warning  'newton_raphson' is defined but never used     no-unused-vars
  55:5   warning  'c' is assigned a value but never used         no-unused-vars
  56:5   warning  'a' is assigned a value but never used         no-unused-vars
  57:5   warning  'b' is assigned a value but never used         no-unused-vars

/home/runner/work/exp-Residence-Time-Distribution-in-Empty-tube-reactor-iitb/exp-Residence-Time-Distribution-in-Empty-tube-reactor-iitb/experiment/simulation/js/data.js
   1:5  warning  'flow_rate_1' is assigned a value but never used  no-unused-vars
   2:5  warning  'flow_rate_2' is assigned a value but never used  no-unused-vars
   3:5  warning  'obt_2_data' is assigned a value but never used   no-unused-vars
  27:5  warning  'obt_1_data' is assigned a value but never used   no-unused-vars

/home/runner/work/exp-Residence-Time-Distribution-in-Empty-tube-reactor-iitb/exp-Residence-Time-Distribution-in-Empty-tube-reactor-iitb/experiment/simulation/js/dummy.js
  2:14  warning  'Pannel' is not defined  no-undef

/home/runner/work/exp-Residence-Time-Distribution-in-Empty-tube-reactor-iitb/exp-Residence-Time-Distribution-in-Empty-tube-reactor-iitb/experiment/simulation/js/geomerty.js
   33:49   warning  'lscale' is not defined          no-undef
   34:49   warning  'lscale' is not defined          no-undef
   46:23   warning  'pt1' is defined but never used  no-unused-vars
   46:28   warning  'pt2' is defined but never used  no-unused-vars
   46:33   warning  'pt3' is defined but never used  no-unused-vars
   50:24   warning  'geo' is defined but never used  no-unused-vars
   69:44   warning  'lscale' is not defined          no-undef
   69:66   warning  'lscale' is not defined          no-undef
   69:88   warning  'lscale' is not defined          no-undef
   82:48   warning  'lscale' is not defined          no-undef
   83:48   warning  'lscale' is not defined          no-undef
  108:47   warning  'lscale' is not defined          no-undef
  108:69   warning  'lscale' is not defined          no-undef
  109:60   warning  'lscale' is not defined          no-undef
  109:95   warning  'lscale' is not defined          no-undef
  131:39   warning  'lscale' is not defined          no-undef
  131:57   warning  'lscale' is not defined          no-undef
  132:39   warning  'lscale' is not defined          no-undef
  132:57   warning  'lscale' is not defined          no-undef
  181:39   warning  'lscale' is not defined          no-undef
  181:57   warning  'lscale' is not defined          no-undef
  182:39   warning  'lscale' is not defined          no-undef
  182:57   warning  'lscale' is not defined          no-undef
  225:33   warning  'lscale' is not defined          no-undef
  226:33   warning  'lscale' is not defined          no-undef
  274:50   warning  'lscale' is not defined          no-undef
  274:72   warning  'lscale' is not defined          no-undef
  279:61   warning  'lscale' is not defined          no-undef
  279:84   warning  'lscale' is not defined          no-undef
  279:102  warning  'lscale' is not defined          no-undef
  279:120  warning  'lscale' is not defined          no-undef
  293:33   warning  'lscale' is not defined          no-undef
  294:33   warning  'lscale' is not defined          no-undef
  295:41   warning  'lscale' is not defined          no-undef
  295:64   warning  'lscale' is not defined          no-undef
  295:98   warning  'lscale' is not defined          no-undef
  295:121  warning  'lscale' is not defined          no-undef
  296:45   warning  'lscale' is not defined          no-undef
  296:68   warning  'lscale' is not defined          no-undef
  296:102  warning  'lscale' is not defined          no-undef
  296:125  warning  'lscale' is not defined          no-undef
  323:61   warning  'lscale' is not defined          no-undef
  323:90   warning  'lscale' is not defined          no-undef
  324:61   warning  'lscale' is not defined          no-undef
  324:96   warning  'lscale' is not defined          no-undef
  325:66   warning  'lscale' is not defined          no-undef
  325:101  warning  'lscale' is not defined          no-undef
  326:66   warning  'lscale' is not defined          no-undef
  326:100  warning  'lscale' is not defined          no-undef
  327:67   warning  'lscale' is not defined          no-undef
  327:101  warning  'lscale' is not defined          no-undef
  328:67   warning  'lscale' is not defined          no-undef
  328:96   warning  'lscale' is not defined          no-undef
  329:61   warning  'lscale' is not defined          no-undef
  329:90   warning  'lscale' is not defined          no-undef
  346:33   warning  'lscale' is not defined          no-undef
  347:33   warning  'lscale' is not defined          no-undef
  376:46   warning  'lscale' is not defined          no-undef
  382:50   warning  'lscale' is not defined          no-undef
  382:72   warning  'lscale' is not defined          no-undef
  411:52   warning  'lscale' is not defined          no-undef
  411:79   warning  'lscale' is not defined          no-undef
  413:56   warning  'lscale' is not defined          no-undef
  413:83   warning  'lscale' is not defined          no-undef
  450:50   warning  'lscale' is not defined          no-undef
  450:72   warning  'lscale' is not defined          no-undef
  456:61   warning  'lscale' is not defined          no-undef
  456:84   warning  'lscale' is not defined          no-undef
  456:102  warning  'lscale' is not defined          no-undef
  456:120  warning  'lscale' is not defined          no-undef
  470:33   warning  'lscale' is not defined          no-undef
  471:33   warning  'lscale' is not defined          no-undef
  472:41   warning  'lscale' is not defined          no-undef
  472:64   warning  'lscale' is not defined          no-undef
  472:98   warning  'lscale' is not defined          no-undef
  472:121  warning  'lscale' is not defined          no-undef
  473:45   warning  'lscale' is not defined          no-undef
  473:68   warning  'lscale' is not defined          no-undef
  473:102  warning  'lscale' is not defined          no-undef
  473:125  warning  'lscale' is not defined          no-undef
  502:50   warning  'lscale' is not defined          no-undef
  502:72   warning  'lscale' is not defined          no-undef
  507:139  warning  'lscale' is not defined          no-undef
  507:172  warning  'lscale' is not defined          no-undef
  507:205  warning  'lscale' is not defined          no-undef
  507:225  warning  'lscale' is not defined          no-undef
  528:50   warning  'lscale' is not defined          no-undef
  528:72   warning  'lscale' is not defined          no-undef
  533:139  warning  'lscale' is not defined          no-undef
  533:172  warning  'lscale' is not defined          no-undef
  533:205  warning  'lscale' is not defined          no-undef
  533:225  warning  'lscale' is not defined          no-undef
  555:50   warning  'lscale' is not defined          no-undef
  555:72   warning  'lscale' is not defined          no-undef
  560:133  warning  'lscale' is not defined          no-undef
  560:172  warning  'lscale' is not defined          no-undef
  560:205  warning  'lscale' is not defined          no-undef
  560:224  warning  'lscale' is not defined          no-undef
  584:39   warning  'lscale' is not defined          no-undef
  584:53   warning  'lscale' is not defined          no-undef
  585:39   warning  'lscale' is not defined          no-undef
  585:53   warning  'lscale' is not defined          no-undef
  586:39   warning  'lscale' is not defined          no-undef
  586:53   warning  'lscale' is not defined          no-undef
  587:39   warning  'lscale' is not defined          no-undef
  587:53   warning  'lscale' is not defined          no-undef
  594:36   warning  'lscale' is not defined          no-undef
  594:50   warning  'lscale' is not defined          no-undef
  594:63   warning  'lscale' is not defined          no-undef
  605:36   warning  'lscale' is not defined          no-undef
  605:50   warning  'lscale' is not defined          no-undef
  605:63   warning  'lscale' is not defined          no-undef
  632:46   warning  'lscale' is not defined          no-undef
  637:50   warning  'lscale' is not defined          no-undef
  637:72   warning  'lscale' is not defined          no-undef
  659:50   warning  'lscale' is not defined          no-undef
  659:72   warning  'lscale' is not defined          no-undef
  663:46   warning  'lscale' is not defined          no-undef
  664:46   warning  'lscale' is not defined          no-undef
  664:67   warning  'lscale' is not defined          no-undef
  665:49   warning  'lscale' is not defined          no-undef
  702:50   warning  'lscale' is not defined          no-undef
  702:72   warning  'lscale' is not defined          no-undef
  718:38   warning  'lscale' is not defined          no-undef
  718:51   warning  'lscale' is not defined          no-undef
  720:38   warning  'lscale' is not defined          no-undef
  722:38   warning  'lscale' is not defined          no-undef
  722:52   warning  'lscale' is not defined          no-undef

/home/runner/work/exp-Residence-Time-Distribution-in-Empty-tube-reactor-iitb/exp-Residence-Time-Distribution-in-Empty-tube-reactor-iitb/experiment/simulation/js/pannel.js
  8:7  warning  'Pannel' is defined but never used  no-unused-vars

/home/runner/work/exp-Residence-Time-Distribution-in-Empty-tube-reactor-iitb/exp-Residence-Time-Distribution-in-Empty-tube-reactor-iitb/experiment/simulation/js/scene.js
   1:7    warning  'Scene' is defined but never used         no-unused-vars
  11:9    warning  'context' is not defined                  no-undef
  11:33   warning  'canvas' is not defined                   no-undef
  11:47   warning  'canvas' is not defined                   no-undef
  27:5    warning  'context' is not defined                  no-undef
  28:9    warning  'grd' is assigned a value but never used  no-unused-vars
  28:15   warning  'context' is not defined                  no-undef
  28:44   warning  'canvas' is not defined                   no-undef
  28:62   warning  'canvas' is not defined                   no-undef
  28:84   warning  'canvas' is not defined                   no-undef
  28:102  warning  'canvas' is not defined                   no-undef
  28:121  warning  'canvas' is not defined                   no-undef
  36:5    warning  'context' is not defined                  no-undef
  37:5    warning  'context' is not defined                  no-undef
  37:28   warning  'canvas' is not defined                   no-undef
  37:42   warning  'canvas' is not defined                   no-undef
  38:5    warning  'context' is not defined                  no-undef
  39:5    warning  'context' is not defined                  no-undef

/home/runner/work/exp-Residence-Time-Distribution-in-Empty-tube-reactor-iitb/exp-Residence-Time-Distribution-in-Empty-tube-reactor-iitb/experiment/simulation/js/test.js
  2:14  warning  'Pannel' is not defined                     no-undef
  4:5   warning  'table' is assigned a value but never used  no-unused-vars

✖ 501 problems (0 errors, 501 warnings)

